[2024-02-13T05:13:46.333+0000][75][gc] Using Concurrent Mark Sweep
[2024-02-13T05:13:46.334+0000][75][gc,heap,coops] Heap address: 0x00000000c0000000, size: 1024 MB, Compressed Oops mode: 32-bit
[2024-02-13T05:13:46.707+0000][75][safepoint    ] Safepoint "EnableBiasedLocking", Time since last: 227093683 ns, Reaching safepoint: 3777397 ns, At safepoint: 42711 ns, Total: 3820108 ns
[2024-02-13T05:13:46.731+0000][75][gc,heap,exit ] Heap
[2024-02-13T05:13:46.733+0000][75][gc,heap,exit ]  par new generation   total 230016K, used 12269K [0x00000000c0000000, 0x00000000cf990000, 0x00000000cf990000)
[2024-02-13T05:13:46.734+0000][75][gc,heap,exit ]   eden space 204480K,   6% used [0x00000000c0000000, 0x00000000c0bfb4b8, 0x00000000cc7b0000)
[2024-02-13T05:13:46.736+0000][75][gc,heap,exit ]   from space 25536K,   0% used [0x00000000cc7b0000, 0x00000000cc7b0000, 0x00000000ce0a0000)
[2024-02-13T05:13:46.738+0000][75][gc,heap,exit ]   to   space 25536K,   0% used [0x00000000ce0a0000, 0x00000000ce0a0000, 0x00000000cf990000)
[2024-02-13T05:13:46.740+0000][75][gc,heap,exit ]  concurrent mark-sweep generation total 793024K, used 0K [0x00000000cf990000, 0x0000000100000000, 0x0000000100000000)
[2024-02-13T05:13:46.744+0000][75][gc,heap,exit ]  Metaspace       used 171K, capacity 4480K, committed 4480K, reserved 1056768K
[2024-02-13T05:13:46.746+0000][75][gc,heap,exit ]   class space    used 8K, capacity 384K, committed 384K, reserved 1048576K
