[2024-01-13T12:17:46.675+0000][74][gc] Using Concurrent Mark Sweep
[2024-01-13T12:17:46.676+0000][74][gc,heap,coops] Heap address: 0x00000000e0000000, size: 512 MB, Compressed Oops mode: 32-bit
[2024-01-13T12:17:46.742+0000][74][safepoint    ] Safepoint "EnableBiasedLocking", Time since last: 32001841 ns, Reaching safepoint: 213023 ns, At safepoint: 28550 ns, Total: 241573 ns
[2024-01-13T12:17:46.744+0000][74][gc,heap,exit ] Heap
[2024-01-13T12:17:46.746+0000][74][gc,heap,exit ]  par new generation   total 157248K, used 8386K [0x00000000e0000000, 0x00000000eaaa0000, 0x00000000eaaa0000)
[2024-01-13T12:17:46.746+0000][74][gc,heap,exit ]   eden space 139776K,   6% used [0x00000000e0000000, 0x00000000e0830bc8, 0x00000000e8880000)
[2024-01-13T12:17:46.747+0000][74][gc,heap,exit ]   from space 17472K,   0% used [0x00000000e8880000, 0x00000000e8880000, 0x00000000e9990000)
[2024-01-13T12:17:46.748+0000][74][gc,heap,exit ]   to   space 17472K,   0% used [0x00000000e9990000, 0x00000000e9990000, 0x00000000eaaa0000)
[2024-01-13T12:17:46.749+0000][74][gc,heap,exit ]  concurrent mark-sweep generation total 349568K, used 0K [0x00000000eaaa0000, 0x0000000100000000, 0x0000000100000000)
[2024-01-13T12:17:46.750+0000][74][gc,heap,exit ]  Metaspace       used 171K, capacity 4480K, committed 4480K, reserved 1056768K
[2024-01-13T12:17:46.751+0000][74][gc,heap,exit ]   class space    used 8K, capacity 384K, committed 384K, reserved 1048576K
