[2024-03-30T08:38:02.676+0000][74][gc] Using Concurrent Mark Sweep
[2024-03-30T08:38:02.691+0000][74][gc,heap,coops] Heap address: 0x00000000c0000000, size: 1024 MB, Compressed Oops mode: 32-bit
[2024-03-30T08:38:02.961+0000][74][safepoint    ] Safepoint "EnableBiasedLocking", Time since last: 167244740 ns, Reaching safepoint: 190931 ns, At safepoint: 35075 ns, Total: 226006 ns
[2024-03-30T08:38:02.964+0000][74][gc,heap,exit ] Heap
[2024-03-30T08:38:02.965+0000][74][gc,heap,exit ]  par new generation   total 230016K, used 12269K [0x00000000c0000000, 0x00000000cf990000, 0x00000000cf990000)
[2024-03-30T08:38:02.967+0000][74][gc,heap,exit ]   eden space 204480K,   6% used [0x00000000c0000000, 0x00000000c0bfb4b8, 0x00000000cc7b0000)
[2024-03-30T08:38:02.975+0000][74][gc,heap,exit ]   from space 25536K,   0% used [0x00000000cc7b0000, 0x00000000cc7b0000, 0x00000000ce0a0000)
[2024-03-30T08:38:02.976+0000][74][gc,heap,exit ]   to   space 25536K,   0% used [0x00000000ce0a0000, 0x00000000ce0a0000, 0x00000000cf990000)
[2024-03-30T08:38:02.979+0000][74][gc,heap,exit ]  concurrent mark-sweep generation total 793024K, used 0K [0x00000000cf990000, 0x0000000100000000, 0x0000000100000000)
[2024-03-30T08:38:02.983+0000][74][gc,heap,exit ]  Metaspace       used 173K, capacity 4480K, committed 4480K, reserved 1056768K
[2024-03-30T08:38:02.984+0000][74][gc,heap,exit ]   class space    used 8K, capacity 384K, committed 384K, reserved 1048576K
