[2024-01-27T07:35:35.203+0000][74][gc] Using Concurrent Mark Sweep
[2024-01-27T07:35:35.209+0000][74][gc,heap,coops] Heap address: 0x00000000c0000000, size: 1024 MB, Compressed Oops mode: 32-bit
[2024-01-27T07:35:35.370+0000][74][safepoint    ] Safepoint "EnableBiasedLocking", Time since last: 57415374 ns, Reaching safepoint: 1302240 ns, At safepoint: 35709 ns, Total: 1337949 ns
[2024-01-27T07:35:35.376+0000][74][gc,heap,exit ] Heap
[2024-01-27T07:35:35.377+0000][74][gc,heap,exit ]  par new generation   total 230016K, used 12269K [0x00000000c0000000, 0x00000000cf990000, 0x00000000cf990000)
[2024-01-27T07:35:35.378+0000][74][gc,heap,exit ]   eden space 204480K,   6% used [0x00000000c0000000, 0x00000000c0bfb4b8, 0x00000000cc7b0000)
[2024-01-27T07:35:35.379+0000][74][gc,heap,exit ]   from space 25536K,   0% used [0x00000000cc7b0000, 0x00000000cc7b0000, 0x00000000ce0a0000)
[2024-01-27T07:35:35.379+0000][74][gc,heap,exit ]   to   space 25536K,   0% used [0x00000000ce0a0000, 0x00000000ce0a0000, 0x00000000cf990000)
[2024-01-27T07:35:35.380+0000][74][gc,heap,exit ]  concurrent mark-sweep generation total 793024K, used 0K [0x00000000cf990000, 0x0000000100000000, 0x0000000100000000)
[2024-01-27T07:35:35.380+0000][74][gc,heap,exit ]  Metaspace       used 171K, capacity 4480K, committed 4480K, reserved 1056768K
[2024-01-27T07:35:35.381+0000][74][gc,heap,exit ]   class space    used 8K, capacity 384K, committed 384K, reserved 1048576K
