[2024-01-13T12:16:59.451+0000][73][gc] Using Concurrent Mark Sweep
[2024-01-13T12:16:59.452+0000][73][gc,heap,coops] Heap address: 0x00000000e0000000, size: 512 MB, Compressed Oops mode: 32-bit
[2024-01-13T12:16:59.597+0000][73][safepoint    ] Safepoint "EnableBiasedLocking", Time since last: 96887556 ns, Reaching safepoint: 31869 ns, At safepoint: 36118 ns, Total: 67987 ns
[2024-01-13T12:16:59.609+0000][73][gc,heap,exit ] Heap
[2024-01-13T12:16:59.611+0000][73][gc,heap,exit ]  par new generation   total 157248K, used 8386K [0x00000000e0000000, 0x00000000eaaa0000, 0x00000000eaaa0000)
[2024-01-13T12:16:59.612+0000][73][gc,heap,exit ]   eden space 139776K,   6% used [0x00000000e0000000, 0x00000000e0830bc8, 0x00000000e8880000)
[2024-01-13T12:16:59.613+0000][73][gc,heap,exit ]   from space 17472K,   0% used [0x00000000e8880000, 0x00000000e8880000, 0x00000000e9990000)
[2024-01-13T12:16:59.617+0000][73][gc,heap,exit ]   to   space 17472K,   0% used [0x00000000e9990000, 0x00000000e9990000, 0x00000000eaaa0000)
[2024-01-13T12:16:59.620+0000][73][gc,heap,exit ]  concurrent mark-sweep generation total 349568K, used 0K [0x00000000eaaa0000, 0x0000000100000000, 0x0000000100000000)
[2024-01-13T12:16:59.625+0000][73][gc,heap,exit ]  Metaspace       used 172K, capacity 4480K, committed 4480K, reserved 1056768K
[2024-01-13T12:16:59.626+0000][73][gc,heap,exit ]   class space    used 8K, capacity 384K, committed 384K, reserved 1048576K
