[2024-03-31T07:52:17.246+0000][73][gc] Using Concurrent Mark Sweep
[2024-03-31T07:52:17.247+0000][73][gc,heap,coops] Heap address: 0x00000000c0000000, size: 1024 MB, Compressed Oops mode: 32-bit
[2024-03-31T07:52:17.445+0000][73][safepoint    ] Safepoint "EnableBiasedLocking", Time since last: 170227263 ns, Reaching safepoint: 180508 ns, At safepoint: 30420 ns, Total: 210928 ns
[2024-03-31T07:52:17.463+0000][73][gc,heap,exit ] Heap
[2024-03-31T07:52:17.464+0000][73][gc,heap,exit ]  par new generation   total 230016K, used 12269K [0x00000000c0000000, 0x00000000cf990000, 0x00000000cf990000)
[2024-03-31T07:52:17.465+0000][73][gc,heap,exit ]   eden space 204480K,   6% used [0x00000000c0000000, 0x00000000c0bfb4b8, 0x00000000cc7b0000)
[2024-03-31T07:52:17.467+0000][73][gc,heap,exit ]   from space 25536K,   0% used [0x00000000cc7b0000, 0x00000000cc7b0000, 0x00000000ce0a0000)
[2024-03-31T07:52:17.468+0000][73][gc,heap,exit ]   to   space 25536K,   0% used [0x00000000ce0a0000, 0x00000000ce0a0000, 0x00000000cf990000)
[2024-03-31T07:52:17.469+0000][73][gc,heap,exit ]  concurrent mark-sweep generation total 793024K, used 0K [0x00000000cf990000, 0x0000000100000000, 0x0000000100000000)
[2024-03-31T07:52:17.470+0000][73][gc,heap,exit ]  Metaspace       used 181K, capacity 4480K, committed 4480K, reserved 1056768K
[2024-03-31T07:52:17.471+0000][73][gc,heap,exit ]   class space    used 8K, capacity 384K, committed 384K, reserved 1048576K
