[2024-04-10T08:01:41.648+0000][74][gc] Using Concurrent Mark Sweep
[2024-04-10T08:01:41.651+0000][74][gc,heap,coops] Heap address: 0x00000000c0000000, size: 1024 MB, Compressed Oops mode: 32-bit
[2024-04-10T08:01:42.202+0000][74][safepoint    ] Safepoint "EnableBiasedLocking", Time since last: 288456012 ns, Reaching safepoint: 54229075 ns, At safepoint: 38174 ns, Total: 54267249 ns
[2024-04-10T08:01:42.234+0000][74][gc,heap,exit ] Heap
[2024-04-10T08:01:42.240+0000][74][gc,heap,exit ]  par new generation   total 230016K, used 8179K [0x00000000c0000000, 0x00000000cf990000, 0x00000000cf990000)
[2024-04-10T08:01:42.249+0000][74][gc,heap,exit ]   eden space 204480K,   4% used [0x00000000c0000000, 0x00000000c07fce40, 0x00000000cc7b0000)
[2024-04-10T08:01:42.262+0000][74][gc,heap,exit ]   from space 25536K,   0% used [0x00000000cc7b0000, 0x00000000cc7b0000, 0x00000000ce0a0000)
[2024-04-10T08:01:42.265+0000][74][gc,heap,exit ]   to   space 25536K,   0% used [0x00000000ce0a0000, 0x00000000ce0a0000, 0x00000000cf990000)
[2024-04-10T08:01:42.273+0000][74][gc,heap,exit ]  concurrent mark-sweep generation total 793024K, used 0K [0x00000000cf990000, 0x0000000100000000, 0x0000000100000000)
[2024-04-10T08:01:42.278+0000][74][gc,heap,exit ]  Metaspace       used 161K, capacity 4480K, committed 4480K, reserved 1056768K
[2024-04-10T08:01:42.279+0000][74][gc,heap,exit ]   class space    used 7K, capacity 384K, committed 384K, reserved 1048576K
