[2024-01-13T12:17:07.396+0000][73][gc] Using Concurrent Mark Sweep
[2024-01-13T12:17:07.397+0000][73][gc,heap,coops] Heap address: 0x00000000e0000000, size: 512 MB, Compressed Oops mode: 32-bit
[2024-01-13T12:17:07.552+0000][73][safepoint    ] Safepoint "EnableBiasedLocking", Time since last: 67028321 ns, Reaching safepoint: 40792 ns, At safepoint: 43178 ns, Total: 83970 ns
[2024-01-13T12:17:07.554+0000][73][gc,heap,exit ] Heap
[2024-01-13T12:17:07.555+0000][73][gc,heap,exit ]  par new generation   total 157248K, used 8386K [0x00000000e0000000, 0x00000000eaaa0000, 0x00000000eaaa0000)
[2024-01-13T12:17:07.556+0000][73][gc,heap,exit ]   eden space 139776K,   6% used [0x00000000e0000000, 0x00000000e0830bc8, 0x00000000e8880000)
[2024-01-13T12:17:07.557+0000][73][gc,heap,exit ]   from space 17472K,   0% used [0x00000000e8880000, 0x00000000e8880000, 0x00000000e9990000)
[2024-01-13T12:17:07.558+0000][73][gc,heap,exit ]   to   space 17472K,   0% used [0x00000000e9990000, 0x00000000e9990000, 0x00000000eaaa0000)
[2024-01-13T12:17:07.559+0000][73][gc,heap,exit ]  concurrent mark-sweep generation total 349568K, used 0K [0x00000000eaaa0000, 0x0000000100000000, 0x0000000100000000)
[2024-01-13T12:17:07.560+0000][73][gc,heap,exit ]  Metaspace       used 172K, capacity 4480K, committed 4480K, reserved 1056768K
[2024-01-13T12:17:07.560+0000][73][gc,heap,exit ]   class space    used 8K, capacity 384K, committed 384K, reserved 1048576K
