[2024-01-14T08:36:20.241+0000][74][gc] Using Concurrent Mark Sweep
[2024-01-14T08:36:20.242+0000][74][gc,heap,coops] Heap address: 0x00000000c0000000, size: 1024 MB, Compressed Oops mode: 32-bit
[2024-01-14T08:36:20.299+0000][74][safepoint    ] Safepoint "EnableBiasedLocking", Time since last: 35055920 ns, Reaching safepoint: 22748 ns, At safepoint: 69780 ns, Total: 92528 ns
[2024-01-14T08:36:20.301+0000][74][gc,heap,exit ] Heap
[2024-01-14T08:36:20.303+0000][74][gc,heap,exit ]  par new generation   total 230016K, used 12269K [0x00000000c0000000, 0x00000000cf990000, 0x00000000cf990000)
[2024-01-14T08:36:20.304+0000][74][gc,heap,exit ]   eden space 204480K,   6% used [0x00000000c0000000, 0x00000000c0bfb4b8, 0x00000000cc7b0000)
[2024-01-14T08:36:20.305+0000][74][gc,heap,exit ]   from space 25536K,   0% used [0x00000000cc7b0000, 0x00000000cc7b0000, 0x00000000ce0a0000)
[2024-01-14T08:36:20.307+0000][74][gc,heap,exit ]   to   space 25536K,   0% used [0x00000000ce0a0000, 0x00000000ce0a0000, 0x00000000cf990000)
[2024-01-14T08:36:20.307+0000][74][gc,heap,exit ]  concurrent mark-sweep generation total 793024K, used 0K [0x00000000cf990000, 0x0000000100000000, 0x0000000100000000)
[2024-01-14T08:36:20.308+0000][74][gc,heap,exit ]  Metaspace       used 171K, capacity 4480K, committed 4480K, reserved 1056768K
[2024-01-14T08:36:20.309+0000][74][gc,heap,exit ]   class space    used 8K, capacity 384K, committed 384K, reserved 1048576K
